// Jest Snapshot v1, https://goo.gl/fbAQLP

exports[`validateLogs fails if "failIfUnknownLogsFound" is set to true and unknown warning is found 1`] = `
"Unknown log messages are not allowed. Please use the configuration of this reporter to validate how many times the following messages can appear:
- Warning: React.createFactory() is deprecated and will be removed in a future major release. Consider using JSX or use React.createElement() directly instead."
`;

exports[`validateLogs fails if failIfLogValidationsOutdated is set to true and log max has decrased 1`] = `
"You must lower the number of allowed log messages matching certain patterns. Please adjust your config file according to the following:
- For pattern(s) \\"Each child in a list should have a unique\\", the maximum allowed is 2 but it should be 1"
`;

exports[`validateLogs fails if log message appears more times than allowed 1`] = `
"The following log message validations failed:
- For pattern(s) \\"Each child in a list should have a unique\\", the expected is 2, actual is 3"
`;
